// Vitest Snapshot v1, https://vitest.dev/guide/snapshot.html

exports[`LobeOpenAI > models > should get models 1`] = `
[
  {
    "contextWindowTokens": 16385,
    "description": "GPT 3.5 Turbo，OpenAI提供的高效模型，适用于聊天和文本生成任务，支持并行函数调用。",
    "displayName": "GPT 3.5 Turbo",
    "enabled": true,
    "functionCall": true,
    "id": "gpt-3.5-turbo",
    "reasoning": false,
    "vision": false,
  },
  {
    "contextWindowTokens": 16384,
    "description": "GPT 3.5 Turbo 16k，高容量文本生成模型，适合复杂任务。",
    "displayName": "GPT 3.5 Turbo",
    "enabled": false,
    "functionCall": true,
    "id": "gpt-3.5-turbo-16k",
    "reasoning": false,
    "vision": false,
  },
  {
    "contextWindowTokens": undefined,
    "description": undefined,
    "displayName": undefined,
    "enabled": false,
    "functionCall": true,
    "id": "gpt-3.5-turbo-16k-0613",
    "reasoning": false,
    "vision": false,
  },
  {
    "contextWindowTokens": undefined,
    "description": undefined,
    "displayName": undefined,
    "enabled": false,
    "functionCall": true,
    "id": "gpt-4-1106-vision-preview",
    "reasoning": false,
    "vision": true,
  },
  {
    "contextWindowTokens": undefined,
    "description": undefined,
    "displayName": undefined,
    "enabled": false,
    "functionCall": true,
    "id": "gpt-3.5-turbo-instruct-0914",
    "reasoning": false,
    "vision": false,
  },
  {
    "contextWindowTokens": 128000,
    "description": "最新的 GPT-4 Turbo 模型具备视觉功能。现在，视觉请求可以使用 JSON 模式和函数调用。 GPT-4 Turbo 是一个增强版本，为多模态任务提供成本效益高的支持。它在准确性和效率之间找到平衡，适合需要进行实时交互的应用程序场景。",
    "displayName": "GPT-4 Turbo Preview 0125",
    "enabled": false,
    "functionCall": true,
    "id": "gpt-4-0125-preview",
    "reasoning": false,
    "vision": false,
  },
  {
    "contextWindowTokens": 128000,
    "description": "最新的 GPT-4 Turbo 模型具备视觉功能。现在，视觉请求可以使用 JSON 模式和函数调用。 GPT-4 Turbo 是一个增强版本，为多模态任务提供成本效益高的支持。它在准确性和效率之间找到平衡，适合需要进行实时交互的应用程序场景。",
    "displayName": "GPT-4 Turbo Preview",
    "enabled": false,
    "functionCall": true,
    "id": "gpt-4-turbo-preview",
    "reasoning": false,
    "vision": false,
  },
  {
    "contextWindowTokens": 4096,
    "description": "GPT 3.5 Turbo，适用于各种文本生成和理解任务，Currently points to gpt-3.5-turbo-0125",
    "displayName": "GPT-3.5 Turbo Instruct",
    "enabled": false,
    "functionCall": true,
    "id": "gpt-3.5-turbo-instruct",
    "reasoning": false,
    "vision": false,
  },
  {
    "contextWindowTokens": undefined,
    "description": undefined,
    "displayName": undefined,
    "enabled": false,
    "functionCall": true,
    "id": "gpt-3.5-turbo-0301",
    "reasoning": false,
    "vision": false,
  },
  {
    "contextWindowTokens": undefined,
    "description": undefined,
    "displayName": undefined,
    "enabled": false,
    "functionCall": true,
    "id": "gpt-3.5-turbo-0613",
    "reasoning": false,
    "vision": false,
  },
  {
    "contextWindowTokens": 16385,
    "description": "GPT 3.5 Turbo，适用于各种文本生成和理解任务，Currently points to gpt-3.5-turbo-0125",
    "displayName": "GPT-3.5 Turbo 1106",
    "enabled": false,
    "functionCall": true,
    "id": "gpt-3.5-turbo-1106",
    "reasoning": false,
    "vision": false,
  },
  {
    "contextWindowTokens": 128000,
    "description": "最新的 GPT-4 Turbo 模型具备视觉功能。现在，视觉请求可以使用 JSON 模式和函数调用。 GPT-4 Turbo 是一个增强版本，为多模态任务提供成本效益高的支持。它在准确性和效率之间找到平衡，适合需要进行实时交互的应用程序场景。",
    "displayName": "GPT-4 Turbo Preview 1106",
    "enabled": false,
    "functionCall": true,
    "id": "gpt-4-1106-preview",
    "reasoning": false,
    "vision": false,
  },
  {
    "contextWindowTokens": 128000,
    "description": "GPT-4 视觉预览版，专为图像分析和处理任务设计。",
    "displayName": "GPT 4 Turbo with Vision Preview",
    "enabled": false,
    "functionCall": true,
    "id": "gpt-4-vision-preview",
    "reasoning": false,
    "vision": true,
  },
  {
    "contextWindowTokens": 128000,
    "description": "GPT 4 Turbo，多模态模型，提供杰出的语言理解和生成能力，同时支持图像输入。",
    "displayName": "GPT 4 Turbo",
    "enabled": true,
    "functionCall": true,
    "id": "gpt-4",
    "reasoning": false,
    "vision": false,
  },
  {
    "contextWindowTokens": 16385,
    "description": "GPT 3.5 Turbo，适用于各种文本生成和理解任务，Currently points to gpt-3.5-turbo-0125",
    "displayName": "GPT-3.5 Turbo 0125",
    "enabled": false,
    "functionCall": true,
    "id": "gpt-3.5-turbo-0125",
    "reasoning": false,
    "vision": false,
  },
  {
    "contextWindowTokens": 8192,
    "description": "GPT-4 提供了一个更大的上下文窗口，能够处理更长的文本输入，适用于需要广泛信息整合和数据分析的场景。",
    "displayName": "GPT-4 0613",
    "enabled": false,
    "functionCall": true,
    "id": "gpt-4-0613",
    "reasoning": false,
    "vision": false,
  },
]
`;
